**********************
Inicio de la transcripción de Windows PowerShell
Hora de inicio: 20200129093954
Nombre de usuario: DESKTOP-IA9DV28\Usuario
Usuario RunAs: DESKTOP-IA9DV28\Usuario
Nombre de la configuración: 
Máquina: DESKTOP-IA9DV28 (Microsoft Windows NT 10.0.17763.0)
Aplicación host: C:\Windows\system32\WindowsPowerShell\v1.0\PowerShell_ISE.exe
Id. de proceso: 276
PSVersion: 5.1.17763.1
PSEdition: Desktop
PSCompatibleVersions: 1.0, 2.0, 3.0, 4.0, 5.0, 5.1.17763.1
BuildVersion: 10.0.17763.1
CLRVersion: 4.0.30319.42000
WSManStackVersion: 3.0
PSRemotingProtocolVersion: 2.3
SerializationVersion: 1.1.0.1
**********************
La transcripción ha comenzado. El archivo de salida es C:\Users\Usuario\Documents\PowerShell_transcript.DESKTOP-IA9DV28.52X7W59F.20200129093954.txt
PS C:\Windows\system32> Update-Help
Update-Help : No se pudo actualizar la Ayuda para los módulos 'AppvClient, Defender, Microsoft.PowerShell.ODataUtils, 
Microsoft.PowerShell.Operation.Validation, UEV, WindowsDeveloperLicense' con las referencias culturales de interfaz de 
usuario {es-ES} : No se puede conectar con el contenido de la Ayuda. Es posible que el servidor donde está almacenado 
este contenido no esté disponible. Compruebe que el servidor esté disponible, o espere a que el servidor vuelva a estar 
en línea, e intente ejecutar el comando de nuevo.
En línea: 1 Carácter: 1
+ Update-Help
+ ~~~~~~~~~~~
    + CategoryInfo          : InvalidOperation: (:) [Update-Help], Exception
    + FullyQualifiedErrorId : UnableToConnect,Microsoft.PowerShell.Commands.UpdateHelpCommand
Update-Help : No se pudo actualizar la Ayuda para los módulos 'AppvClient, Defender, Microsoft.PowerShell.ODataUtils,
Microsoft.PowerShell.Operation.Validation, UEV, WindowsDeveloperLicense' con las referencias culturales de interfaz de usuario
{es-ES} : No se puede conectar con el contenido de la Ayuda. Es posible que el servidor donde está almacenado este contenido no
esté disponible. Compruebe que el servidor esté disponible, o espere a que el servidor vuelva a estar en línea, e intente ejecutar
el comando de nuevo.
En línea: 1 Carácter: 1
+ Update-Help
+ ~~~~~~~~~~~
    + CategoryInfo          : InvalidOperation: (:) [Update-Help], Exception
    + FullyQualifiedErrorId : UnableToConnect,Microsoft.PowerShell.Commands.UpdateHelpCommand

Update-Help : No se pudo actualizar la Ayuda para los módulos 'WindowsUpdateProvider' con las referencias culturales de 
interfaz de usuario {es-ES} : No se puede recuperar el archivo XML HelpInfo para la referencia cultural de la interfaz 
de usuario es-ES. Asegúrese de que la propiedad HelpInfoUri del manifiesto del módulo sea válida o compruebe la 
conexión de red e intente ejecutar el comando de nuevo.
En línea: 1 Carácter: 1
+ Update-Help
+ ~~~~~~~~~~~
    + CategoryInfo          : ResourceUnavailable: (:) [Update-Help], Exception
    + FullyQualifiedErrorId : UnableToRetrieveHelpInfoXml,Microsoft.PowerShell.Commands.UpdateHelpCommand
Update-Help : No se pudo actualizar la Ayuda para los módulos 'WindowsUpdateProvider' con las referencias culturales de interfaz
de usuario {es-ES} : No se puede recuperar el archivo XML HelpInfo para la referencia cultural de la interfaz de usuario es-ES.
Asegúrese de que la propiedad HelpInfoUri del manifiesto del módulo sea válida o compruebe la conexión de red e intente ejecutar
el comando de nuevo.
En línea: 1 Carácter: 1
+ Update-Help
+ ~~~~~~~~~~~
    + CategoryInfo          : ResourceUnavailable: (:) [Update-Help], Exception
    + FullyQualifiedErrorId : UnableToRetrieveHelpInfoXml,Microsoft.PowerShell.Commands.UpdateHelpCommand

PS C:\Windows\system32> ConvertTo-Html

<!DOCTYPE html PUBLIC "-//W3C//DTD XHTML 1.0 Strict//EN"  "http://www.w3.org/TR/xhtml1/DTD/xhtml1-strict.dtd">
<html xmlns="http://www.w3.org/1999/xhtml">
<head>
<title>HTML TABLE</title>
</head><body>
<table>
</table>
</body></html>
PS C:\Windows\system32> help "html"

NOMBRE
    ConvertTo-Html

SINOPSIS
    Converts Microsoft .NET Framework objects into HTML that can be displayed in a Web browser.


SINTAXIS
    ConvertTo-Html [[-Property] <Object[]>] [[-Head] <String[]>] [[-Title] <String>] [[-Body] <String[]>] [-As {Table | List}]
    [-CssUri <Uri>] [-InputObject <PSObject>] [-PostContent <String[]>] [-PreContent <String[]>] [<CommonParameters>]

    ConvertTo-Html [[-Property] <Object[]>] [-As {Table | List}] [-Fragment] [-InputObject <PSObject>] [-PostContent <String[]>]
    [-PreContent <String[]>] [<CommonParameters>]


DESCRIPCIÓN
    The ConvertTo-Html cmdlet converts .NET Framework objects into HTML that can be displayed in a Web browser. You can use this
    cmdlet to display the output of a command in a Web page.

    You can use the parameters of ConvertTo-Html to select object properties, to specify a table or list format, to specify the
    HTML page title, to add text before and after the object, and to return only the table or list fragment, instead of a strict
    DTD page.

    When you submit multiple objects to ConvertTo-Html , Windows PowerShell creates the table (or list) based on the properties of
    the first object that you submit. If the remaining objects do not have one of the specified properties, the property value of
    that object is an empty cell. If the remaining objects have additional properties, those property values are not included in
    the file.


VÍNCULOS RELACIONADOS
    Online Version: http://go.microsoft.com/fwlink/?LinkId=821758
    ConvertTo-Csv
    ConvertTo-Json
    ConvertTo-Xml
    Export-Clixml
    Import-Clixml

NOTAS
    Para ver los ejemplos, escriba: "get-help ConvertTo-Html -examples".
    Para obtener más información, escriba: "get-help ConvertTo-Html -detailed".
    Para obtener información técnica, escriba: "get-help ConvertTo-Html -full".
    Para obtener ayuda disponible en línea, escriba: "get-help ConvertTo-Html -online"


PS C:\Windows\system32> ConvertTo-Html
<!DOCTYPE html PUBLIC "-//W3C//DTD XHTML 1.0 Strict//EN"  "http://www.w3.org/TR/xhtml1/DTD/xhtml1-strict.dtd">
<html xmlns="http://www.w3.org/1999/xhtml">
<head>
<title>HTML TABLE</title>
</head><body>
<table>
</table>
</body></html>
PS C:\Windows\system32> help "printer"

Name                              Category  Module                    Synopsis
----                              --------  ------                    --------
Add-Printer                       Function  PrintManagement           Adds a printer to the specified computer.
Add-PrinterDriver                 Function  PrintManagement           Installs a printer driver on the specified computer.
Add-PrinterPort                   Function  PrintManagement           Installs a printer port on the specified computer.
Get-Printer                       Function  PrintManagement           Retrieves a list of printers installed on a computer.
Get-PrinterDriver                 Function  PrintManagement           Retrieves the list of printer drivers installed on the spe...
Get-PrinterPort                   Function  PrintManagement           Retrieves a list of printer ports installed on the specifi...
Get-PrinterProperty               Function  PrintManagement           Retrieves printer properties for the specified printer.
Read-PrinterNfcTag                Function  PrintManagement           Reads information about printers from an NFC tag.
Remove-Printer                    Function  PrintManagement           Removes a printer from the specified computer.
Remove-PrinterDriver              Function  PrintManagement           Deletes printer driver from the specified computer.
Remove-PrinterPort                Function  PrintManagement           Removes the specified printer port from the specified comp...
Rename-Printer                    Function  PrintManagement           Renames the specified printer.
Set-Printer                       Function  PrintManagement           Updates the configuration of an existing printer.
Set-PrinterProperty               Function  PrintManagement           Modifies the printer properties for the specified printer.
Write-PrinterNfcTag               Function  PrintManagement           Writes printer connection data to an NFC tag.
Out-Printer                       Cmdlet    Microsoft.PowerShell.U... Sends output to a printer.


PS C:\Windows\system32> Out-Printer
PS C:\Windows\system32> Out-Printer -Name 'Juan Lopez'
PS C:\Windows\system32> help "file"

Name                              Category  Module                    Synopsis
----                              --------  ------                    --------
Get-FileHash                      Function  Microsoft.PowerShell.U... Computes the hash value for a file by using a specified ha...
Import-PowerShellDataFile         Function  Microsoft.PowerShell.U...
New-TemporaryFile                 Function  Microsoft.PowerShell.U... Creates a temporary file.
New-PSRoleCapabilityFile          Cmdlet    Microsoft.PowerShell.Core Creates a file that defines a set of capabilities to be ex...
New-PSSessionConfigurationFile    Cmdlet    Microsoft.PowerShell.Core Creates a file that defines a session configuration.
Test-PSSessionConfigurationFile   Cmdlet    Microsoft.PowerShell.Core Verifies the keys and values in a session configuration file.
Out-File                          Cmdlet    Microsoft.PowerShell.U... Sends output to a file.
Unblock-File                      Cmdlet    Microsoft.PowerShell.U... Unblocks files that were downloaded from the Internet.
New-ScriptFileInfo                Function  PowerShellGet             ...
Test-ScriptFileInfo               Function  PowerShellGet             ...
Update-ScriptFileInfo             Function  PowerShellGet             ...
Get-AppLockerFileInformation      Cmdlet    AppLocker                 Get-AppLockerFileInformation...
Add-BitsFile                      Cmdlet    BitsTransfer              Add-BitsFile...
Publish-BCFileContent             Function  BranchCache               ...
Set-AppXProvisionedDataFile       Cmdlet    Dism                      Set-AppXProvisionedDataFile...
Test-FileCatalog                  Cmdlet    Microsoft.PowerShell.S... Test-FileCatalog...
New-FileCatalog                   Cmdlet    Microsoft.PowerShell.S... New-FileCatalog...
Get-NetConnectionProfile          Function  NetConnection             ...
Set-NetConnectionProfile          Function  NetConnection             ...
Get-NetFirewallProfile            Function  NetSecurity               ...
Set-NetFirewallProfile            Function  NetSecurity               ...
Disable-NetIPHttpsProfile         Function  NetworkTransition         ...
Enable-NetIPHttpsProfile          Function  NetworkTransition         ...
Get-SmbOpenFile                   Function  SmbShare                  ...
Close-SmbOpenFile                 Function  SmbShare                  ...
Remove-StorageFileServer          Function  Storage                   ...
Get-SupportedFileSystems          Function  Storage                   ...
Get-FileIntegrity                 Function  Storage                   ...
Get-FileShareAccessControlEntry   Function  Storage                   ...
Get-FileShare                     Function  Storage                   ...
Clear-FileStorageTier             Function  Storage                   ...
Remove-FileShare                  Function  Storage                   ...
Block-FileShareAccess             Function  Storage                   ...
Get-FileStorageTier               Function  Storage                   ...
Revoke-FileShareAccess            Function  Storage                   ...
Get-StorageFileServer             Function  Storage                   ...
New-StorageFileServer             Function  Storage                   ...
Set-FileStorageTier               Function  Storage                   ...
Set-FileIntegrity                 Function  Storage                   ...
New-FileShare                     Function  Storage                   ...
Unblock-FileShareAccess           Function  Storage                   ...
Set-StorageFileServer             Function  Storage                   ...
Grant-FileShareAccess             Function  Storage                   ...
Set-FileShare                     Function  Storage                   ...
Repair-FileIntegrity              Function  Storage                   ...
Debug-FileShare                   Function  Storage                   ...
Set-StorageBusProfile             Function  StorageBusCache           ...
Set-UevTemplateProfile            Cmdlet    UEV                       Set-UevTemplateProfile...
FileSystem                        Provider  Microsoft.PowerShell.Core Provides access to files and directories.
about_Profiles                    HelpFile                            Describes how to create and use a Windows PowerShell profile.
about_Session_Configuration_Files HelpFile                            Describes session configuration files, which can be used in a


PS C:\Windows\system32> out-file
>> ErrorTerminación(Out-File): "No se puede encontrar una parte de la ruta de acceso 'C:\temp\processlist.txt'."
out-file : No se puede encontrar una parte de la ruta de acceso 'C:\temp\processlist.txt'.
En línea: 1 Carácter: 1
+ out-file
+ ~~~~~~~~
    + CategoryInfo          : OpenError: (:) [Out-File], DirectoryNotFoundException
    + FullyQualifiedErrorId : FileOpenFailure,Microsoft.PowerShell.Commands.OutFileCommand
out-file : No se puede encontrar una parte de la ruta de acceso 'C:\temp\processlist.txt'.
En línea: 1 Carácter: 1
+ out-file
+ ~~~~~~~~
    + CategoryInfo          : OpenError: (:) [Out-File], DirectoryNotFoundException
    + FullyQualifiedErrorId : FileOpenFailure,Microsoft.PowerShell.Commands.OutFileCommand

PS C:\Windows\system32> help "process"

Name                              Category  Module                    Synopsis
----                              --------  ------                    --------
Enter-PSHostProcess               Cmdlet    Microsoft.PowerShell.Core Connects to and enters into an interactive session with a ...
Exit-PSHostProcess                Cmdlet    Microsoft.PowerShell.Core Closes an interactive session with a local process.
Get-PSHostProcessInfo             Cmdlet    Microsoft.PowerShell.Core
Debug-Process                     Cmdlet    Microsoft.PowerShell.M... Debugs one or more processes running on the local computer.
Get-Process                       Cmdlet    Microsoft.PowerShell.M... Gets the processes that are running on the local computer ...
Start-Process                     Cmdlet    Microsoft.PowerShell.M... Starts one or more processes on the local computer.
Stop-Process                      Cmdlet    Microsoft.PowerShell.M... Stops one or more running processes.
Wait-Process                      Cmdlet    Microsoft.PowerShell.M... Waits for the processes to be stopped before accepting mor...
Get-AppvVirtualProcess            Function  AppvClient                ...
Start-AppvVirtualProcess          Function  AppvClient                ...
ConvertTo-ProcessMitigationPolicy Cmdlet    ProcessMitigations        ConvertTo-ProcessMitigationPolicy...
Get-ProcessMitigation             Cmdlet    ProcessMitigations        Get-ProcessMitigation...
Set-ProcessMitigation             Cmdlet    ProcessMitigations        Set-ProcessMitigation...


PS C:\Windows\system32> help log

Name                              Category  Module                    Synopsis
----                              --------  ------                    --------
Clear-EventLog                    Cmdlet    Microsoft.PowerShell.M... Clears all entries from specified event logs on the local ...
Get-EventLog                      Cmdlet    Microsoft.PowerShell.M... Gets the events in an event log, or a list of the event lo...
Limit-EventLog                    Cmdlet    Microsoft.PowerShell.M... Sets the event log properties that limit the size of the e...
New-EventLog                      Cmdlet    Microsoft.PowerShell.M... Creates a new event log and a new event source on a local ...
Remove-EventLog                   Cmdlet    Microsoft.PowerShell.M... Deletes an event log or unregisters an event source.
Show-EventLog                     Cmdlet    Microsoft.PowerShell.M... Displays the event logs of the local or a remote computer ...
Write-EventLog                    Cmdlet    Microsoft.PowerShell.M... Writes an event to an event log.
Enable-AppBackgroundTaskDiagno... Cmdlet    AppBackgroundTask         Enable-AppBackgroundTaskDiagnosticLog...
Disable-AppBackgroundTaskDiagn... Cmdlet    AppBackgroundTask         Disable-AppBackgroundTaskDiagnosticLog...
Get-AppxLog                       Function  Appx                      ...
Export-BinaryMiLog                Cmdlet    CimCmdlets                Export-BinaryMiLog...
Import-BinaryMiLog                Cmdlet    CimCmdlets                Import-BinaryMiLog...
Get-MpThreatCatalog               Function  Defender                  ...
Get-DeliveryOptimizationLog       Cmdlet    DeliveryOptimization      Get-DeliveryOptimizationLog...
Start-AutologgerConfig            Function  EventTracingManagement    ...
Remove-AutologgerConfig           Function  EventTracingManagement    ...
Get-AutologgerConfig              Function  EventTracingManagement    ...
Update-AutologgerConfig           Function  EventTracingManagement    ...
New-AutologgerConfig              Function  EventTracingManagement    ...
Test-FileCatalog                  Cmdlet    Microsoft.PowerShell.S... Test-FileCatalog...
New-FileCatalog                   Cmdlet    Microsoft.PowerShell.S... New-FileCatalog...
Set-DtcLog                        Function  MsDtc                     ...
Get-DtcLog                        Function  MsDtc                     ...
Reset-DtcLog                      Function  MsDtc                     ...
Get-PcsvDeviceLog                 Function  PcsvDevice                ...
Clear-PcsvDeviceLog               Function  PcsvDevice                ...
Get-LogProperties                 Function  PSDiagnostics             ...
Set-LogProperties                 Function  PSDiagnostics             ...
Stop-StorageDiagnosticLog         Function  Storage                   ...
Start-StorageDiagnosticLog        Function  Storage                   ...
Get-WindowsUpdateLog              Function  WindowsUpdate             ...
about_Eventlogs                   HelpFile                            Windows PowerShell creates a Windows event log that is
about_Logical_Operators           HelpFile                            Describes the operators that connect statements in Windows...


PS C:\Windows\system32> help New-EventLog

NOMBRE
    New-EventLog

SINOPSIS
    Creates a new event log and a new event source on a local or remote computer.


SINTAXIS
    New-EventLog [-LogName] <String> [-Source] <String[]> [[-ComputerName] <String[]>] [-CategoryResourceFile <String>]
    [-MessageResourceFile <String>] [-ParameterResourceFile <String>] [<CommonParameters>]


DESCRIPCIÓN
    The New-EventLog cmdlet creates a new classic event log on a local or remote computer. It can also register an event source
    that writes to the new log or to an existing log.

    The cmdlets that contain the EventLog noun (the EventLog cmdlets) work only on classic event logs. To get events from logs
    that use the Windows Event Log technology in Windows Vista and later versions of the Windows operating system, use the
    Get-WinEvent cmdlet.


VÍNCULOS RELACIONADOS
    Online Version: http://go.microsoft.com/fwlink/?LinkId=821603
    Clear-EventLog
    Get-EventLog
    Limit-EventLog
    New-EventLog
    Remove-EventLog
    Show-EventLog
    Write-EventLog

NOTAS
    Para ver los ejemplos, escriba: "get-help New-EventLog -examples".
    Para obtener más información, escriba: "get-help New-EventLog -detailed".
    Para obtener información técnica, escriba: "get-help New-EventLog -full".
    Para obtener ayuda disponible en línea, escriba: "get-help New-EventLog -online"


PS C:\Windows\system32> help alias

NOMBRE DEL PROVEEDOR
    Alias

UNIDADES
    Alias:

SINOPSIS
    Provides access to the Windows PowerShell aliases and the values that they represent.

DESCRIPCIÓN
    The Windows PowerShell Alias provider lets you get, add, change, clear, and delete aliases in Windows PowerShell.

    An alias is an alternate name for a cmdlet, function, or executable file. Windows PowerShell includes a set of built-in
    aliases. And, you can add your own aliases to the current session and to your Windows PowerShell profile.

    The Alias provider is a flat namespace that contains only the alias objects. The aliases have no child items.

    Each alias is an instance of the System.Management.Automation.AliasInfo class.

    The Alias provider exposes its data store in the Alias: drive. To work with aliases, you can change your location to the
    Alias: drive by using the following command:

        set-location alias:

    Or, you can work from any other Windows PowerShell drive. To reference an alias from another location, use the Alias: drive
    name in the path.

    Windows PowerShell includes a set of cmdlets that are designed to view and to change aliases:

        Export-Alias
        Get-Alias
        Import-Alias
        New-Alias
        Set-Alias

    When you use these cmdlets, you do not need to specify the Alias: drive in the name.

    The Alias provider supports all the cmdlets that have the Item noun except for the Invoke-Item cmdlet. And, it supports the
    Get-Content and Set-Content cmdlets. The Alias provider does not support the cmdlets that have the ItemProperty noun. And, the
    Alias provider does not support the Filter parameter in any cmdlet.

    All changes to the aliases affect the current session only. To save the changes, add the changes to the Windows PowerShell
    profile. Or, use the Export-Alias and Import-Alias cmdlets.

CAPACIDADES


TAREAS
    TAREA: Getting to the Alias: Drive




        -------------------------- EXAMPLE 1 --------------------------

        This command changes the current location to the Alias: drive. You can use this command from any drive in Windows
        PowerShell. To return to a file system drive, type the drive name. For example, type "set-location c:".

        set-location alias:





    TAREA: Getting Aliases




        -------------------------- EXAMPLE 1 --------------------------

        This command gets a list of all the aliases in the current session. You can use this command in any Windows PowerShell
        drive.

        get-item -path alias:



        -------------------------- EXAMPLE 2 --------------------------

        This command gets the "ls" alias. Because it includes the path, you can use it in any Windows PowerShell drive.

        get-item -path alias:ls


        If you are in the Alias: drive, you can omit the drive name from the path.
        -------------------------- EXAMPLE 3 --------------------------

        This command gets a list of the aliases that are associated with the Get-ChildItem cmdlet. It uses the Definition
        property, which stores the cmdlet name.

        get-item -path alias:* | where-object {$_.Definition -eq "Get-Childitem"}


        When the aliased item is an executable file, the Definition contains the fully qualified path of the file.
        -------------------------- EXAMPLE 4 --------------------------

        This command gets the list of all the aliases when the current location is the Alias: drive. It uses a wildcard character
        (*) to indicate all the contents of the current location.

        get-item -path *


        In the Alias: drive, a dot (.), which represents the current location, and a wildcard character (*), which represents all
        items in the current location, have the same effect. For example, "get-item -path ." or "get-item *" produce the same
        result.


    TAREA: Creating a New Alias




        -------------------------- EXAMPLE 1 --------------------------

        This command creates the "serv" alias for the Get-Service cmdlet. Because the current location is in the Alias: drive, the
        value of the Path parameter is a dot (.). The dot represents the current location.

        This command also uses the Options dynamic parameter to set the AllScope and Constant options on the alias. The Options
        parameter is available in the New-Item cmdlet only when you are in the Alias: drive.

        new-item -path . -name serv -value Get-Service -Options "AllScope,Constant"


        If you are in the Alias: drive, you can omit the drive name from the path.
        -------------------------- EXAMPLE 2 --------------------------

        You can create an alias for any item that invokes a command. This command creates the "np" alias for Notepad.exe.

        new-item -path alias:np -value c:\windows\notepad.exe



        -------------------------- EXAMPLE 3 --------------------------

        You can create an alias for any function. You can use this feature to create an alias that includes both a cmdlet and its
        parameters.

        The first command creates the CD32 function, which changes the current directory to the System32 directory. The second
        command creates the "go" alias for the CD32 function. The semi-colon (;) is the command separator.

        When the command is complete, you can use either "CD32" or "go" to invoke the function.

        function CD32 {set-location -path c:\windows\system32} set-item -path alias:go -value CD32





    TAREA: Displaying the Properties and Methods of Aliases




        -------------------------- EXAMPLE 1 --------------------------

        This command uses the Get-Item cmdlet to get all aliases. The pipeline operator (|) sends the results to the Get-Member
        cmdlet, which displays the methods and properties of the object.

        get-item -path alias:* | get-member


        When you pipe a collection of objects to Get-Member, such as the collection of aliases in the Alias: drive, Get-Member
        evaluates each object in the collection separately. Then, Get-Member returns information about each object type that it
        finds. If all the objects are of the same type, it returns information about the single object type. In this case, all the
        aliases are AliasInfo objects.

        To get information about the collection of AliasInfo objects, use the InputObject parameter of Get-Member. For example,
        use the following command:

            Get-Member -InputObject (Get-Item alias:*)

        When you use InputObject, Get-Member evaluates the collection, not the objects in the collection.
        -------------------------- EXAMPLE 2 --------------------------

        This command lists the values of the properties of the "dir" alias. It uses the Get-Item cmdlet to get an object that
        represents the "dir" alias. The pipeline operator (|) sends the results to the Format-List command. The Format-List
        command uses the Property parameter with a wildcard character (*) to format and display the values of all the "dir" alias
        properties.

        get-item alias:dir | format-list -property *





    TAREA: Changing the Properties of an Alias




        -------------------------- EXAMPLE 1 --------------------------

        You can use the Set-Item cmdlet with the Options dynamic parameter to change the value of the Options property of an alias.

        This command sets the AllScope and ReadOnly options for the "dir" alias. The command uses the Options dynamic parameter of
        the Set-Item cmdlet. The Options parameter is available in Set-Item only when you use it with the Alias or Function
        provider.

        set-item -path alias:dir -options "AllScope,ReadOnly"



        -------------------------- EXAMPLE 2 --------------------------

        This command uses the Set-Item cmdlet to change the "gp" alias so that it represents the Get-Process cmdlet instead of the
        Get-ItemProperty cmdlet. The Force parameter is required because the value of the Options property of the "gp" alias is
        set to ReadOnly. Because the command is submitted from within the Alias: drive, the drive is not specified in the path.

        set-item -path gp -value get-process -force


        The change affects the four properties that define the association between the alias and the command. To view the effect
        of the change, type the following command:

            get-item -path gp | format-list -property *
        -------------------------- EXAMPLE 3 --------------------------

        This command uses the Rename-Item cmdlet to change the "popd" alias to "pop".

        rename-item -path alias:popd -newname pop





    TAREA: Copying an Alias




        -------------------------- EXAMPLE 1 --------------------------

        This command copies the pushd alias so that a new push alias is created for the Push-Location cmdlet.

        copy-item -path alias:pushd -destination alias:push


        When the new alias is created, its Description property has a null value. And, its Option property has a value of None.

        If the command is issued from within the Alias: drive, you can omit the drive name from the value of the Path parameter.


    TAREA: Deleting an Alias




        -------------------------- EXAMPLE 1 --------------------------

        This command deletes the serv alias from the current session. You can use this command in any Windows PowerShell drive.

        remove-item -path alias:serv


        If you are in the Alias: drive, you can omit the drive name from the path.
        -------------------------- EXAMPLE 2 --------------------------

        This command deletes aliases that begin with "s". It does not delete read-only aliases.

        clear-item -path alias:s*



        -------------------------- EXAMPLE 3 --------------------------

        This command deletes all aliases from the current session, except those with a value of Constant for their Options
        property. Without the Force parameter, the command does not delete aliases whose Options property has a value of ReadOnly.

        remove-item alias:* -force







PARÁMETROS DINÁMICOS
    -Options <System.Management.Automation.ScopedItemOptions>
        Determines the value of the Options property of an alias.

            None
                No options. This value is the default.

            Constant
                The alias cannot be deleted and its properties cannot be changed. Constant is available only when you create an
                alias. You cannot change the option of an existing alias to Constant.

            Private
                The alias is visible only in the current scope, not in the child scopes.

            ReadOnly
                The properties of the alias cannot be changed except by using the Force parameter. You can use Remove-Item to
                delete the alias.

            AllScope
                The alias is copied to any new scopes that are created.


        Cmdlets admitidos: New-Item, Set-Item


NOTAS


VÍNCULOS RELACIONADOS
    about_Aliases
    about_Providers



PS C:\Windows\system32> help transcript

Name                              Category  Module                    Synopsis
----                              --------  ------                    --------
Start-Transcript                  Cmdlet    Microsoft.PowerShell.Host Creates a record of all or part of a Windows PowerShell se...
Stop-Transcript                   Cmdlet    Microsoft.PowerShell.Host Stops a transcript.


PS C:\Windows\system32> help security

Name                              Category  Module                    Synopsis
----                              --------  ------                    --------
Set-NetFirewallSecurityFilter     Function  NetSecurity               ...
Get-NetFirewallSecurityFilter     Function  NetSecurity               ...


PS C:\Windows\system32> Get-EventLog -LogName Security -Newest 100

   Index Time          EntryType   Source                 InstanceID Message
   ----- ----          ---------   ------                 ---------- -------
    1308 ene. 29 10:16 SuccessA... Microsoft-Windows...         4672 Se asignaron privilegios especiales a un nuevo inicio de se...
    1307 ene. 29 10:16 SuccessA... Microsoft-Windows...         4624 Se inició sesión correctamente en una cuenta....
    1306 ene. 29 10:13 SuccessA... Microsoft-Windows...         4672 Se asignaron privilegios especiales a un nuevo inicio de se...
    1305 ene. 29 10:13 SuccessA... Microsoft-Windows...         4624 Se inició sesión correctamente en una cuenta....
    1304 ene. 29 10:02 FailureA... Microsoft-Windows...         4625 Error de una cuenta al iniciar sesión....
    1303 ene. 29 10:02 SuccessA... Microsoft-Windows...         4797 Se ha realizado un intento de consultar la existencia de un...
    1302 ene. 29 10:02 SuccessA... Microsoft-Windows...         4797 Se ha realizado un intento de consultar la existencia de un...
    1301 ene. 29 10:02 SuccessA... Microsoft-Windows...         4797 Se ha realizado un intento de consultar la existencia de un...
    1300 ene. 29 10:02 SuccessA... Microsoft-Windows...         4797 Se ha realizado un intento de consultar la existencia de un...
    1299 ene. 29 10:02 SuccessA... Microsoft-Windows...         4797 Se ha realizado un intento de consultar la existencia de un...
    1298 ene. 29 10:01 SuccessA... Microsoft-Windows...         4672 Se asignaron privilegios especiales a un nuevo inicio de se...
    1297 ene. 29 10:01 SuccessA... Microsoft-Windows...         4624 Se inició sesión correctamente en una cuenta....
    1296 ene. 29 09:51 SuccessA... Microsoft-Windows...         4672 Se asignaron privilegios especiales a un nuevo inicio de se...
    1295 ene. 29 09:51 SuccessA... Microsoft-Windows...         4624 Se inició sesión correctamente en una cuenta....
    1294 ene. 29 09:47 SuccessA... Microsoft-Windows...         5379 Las credenciales del Administrador de credenciales se leyer...
    1293 ene. 29 09:47 SuccessA... Microsoft-Windows...         5379 Las credenciales del Administrador de credenciales se leyer...
    1292 ene. 29 09:47 SuccessA... Microsoft-Windows...         5379 Las credenciales del Administrador de credenciales se leyer...
    1291 ene. 29 09:47 SuccessA... Microsoft-Windows...         4672 Se asignaron privilegios especiales a un nuevo inicio de se...
    1290 ene. 29 09:47 SuccessA... Microsoft-Windows...         4624 Se inició sesión correctamente en una cuenta....
    1289 ene. 29 09:47 SuccessA... Microsoft-Windows...         4672 Se asignaron privilegios especiales a un nuevo inicio de se...
    1288 ene. 29 09:47 SuccessA... Microsoft-Windows...         4624 Se inició sesión correctamente en una cuenta....
    1287 ene. 29 09:47 SuccessA... Microsoft-Windows...         4672 Se asignaron privilegios especiales a un nuevo inicio de se...
    1286 ene. 29 09:47 SuccessA... Microsoft-Windows...         4624 Se inició sesión correctamente en una cuenta....
    1285 ene. 29 09:46 SuccessA... Microsoft-Windows...         4672 Se asignaron privilegios especiales a un nuevo inicio de se...
    1284 ene. 29 09:46 SuccessA... Microsoft-Windows...         4624 Se inició sesión correctamente en una cuenta....
    1283 ene. 29 09:41 SuccessA... Microsoft-Windows...         4798 Se enumeró la pertenencia a grupos locales de un usuario....
    1282 ene. 29 09:41 SuccessA... Microsoft-Windows...         4798 Se enumeró la pertenencia a grupos locales de un usuario....
    1281 ene. 29 09:41 SuccessA... Microsoft-Windows...         4798 Se enumeró la pertenencia a grupos locales de un usuario....
    1280 ene. 29 09:31 SuccessA... Microsoft-Windows...         4672 Se asignaron privilegios especiales a un nuevo inicio de se...
    1279 ene. 29 09:31 SuccessA... Microsoft-Windows...         4624 Se inició sesión correctamente en una cuenta....
    1278 ene. 29 09:27 SuccessA... Microsoft-Windows...         4672 Se asignaron privilegios especiales a un nuevo inicio de se...
    1277 ene. 29 09:27 SuccessA... Microsoft-Windows...         4624 Se inició sesión correctamente en una cuenta....
    1276 ene. 29 09:22 SuccessA... Microsoft-Windows...         4799 Se enumeró la pertenencia a grupos locales con seguridad ha...
    1275 ene. 29 09:22 SuccessA... Microsoft-Windows...         4799 Se enumeró la pertenencia a grupos locales con seguridad ha...
    1274 ene. 29 09:17 SuccessA... Microsoft-Windows...         4798 Se enumeró la pertenencia a grupos locales de un usuario....
    1273 ene. 29 09:14 SuccessA... Microsoft-Windows...         4672 Se asignaron privilegios especiales a un nuevo inicio de se...
    1272 ene. 29 09:14 SuccessA... Microsoft-Windows...         4624 Se inició sesión correctamente en una cuenta....
    1271 ene. 29 09:07 SuccessA... Microsoft-Windows...         4672 Se asignaron privilegios especiales a un nuevo inicio de se...
    1270 ene. 29 09:07 SuccessA... Microsoft-Windows...         4624 Se inició sesión correctamente en una cuenta....
    1269 ene. 29 08:59 SuccessA... Microsoft-Windows...         4672 Se asignaron privilegios especiales a un nuevo inicio de se...
    1268 ene. 29 08:59 SuccessA... Microsoft-Windows...         4624 Se inició sesión correctamente en una cuenta....
    1267 ene. 29 08:55 SuccessA... Microsoft-Windows...         4672 Se asignaron privilegios especiales a un nuevo inicio de se...
    1266 ene. 29 08:55 SuccessA... Microsoft-Windows...         4624 Se inició sesión correctamente en una cuenta....
    1265 ene. 29 08:43 SuccessA... Microsoft-Windows...         4672 Se asignaron privilegios especiales a un nuevo inicio de se...
    1264 ene. 29 08:43 SuccessA... Microsoft-Windows...         4624 Se inició sesión correctamente en una cuenta....
    1263 ene. 29 08:38 SuccessA... Microsoft-Windows...         4672 Se asignaron privilegios especiales a un nuevo inicio de se...
    1262 ene. 29 08:38 SuccessA... Microsoft-Windows...         4624 Se inició sesión correctamente en una cuenta....
    1261 ene. 29 08:33 SuccessA... Microsoft-Windows...         4672 Se asignaron privilegios especiales a un nuevo inicio de se...
    1260 ene. 29 08:33 SuccessA... Microsoft-Windows...         4624 Se inició sesión correctamente en una cuenta....
    1259 ene. 29 08:33 SuccessA... Microsoft-Windows...         4672 Se asignaron privilegios especiales a un nuevo inicio de se...
    1258 ene. 29 08:33 SuccessA... Microsoft-Windows...         4624 Se inició sesión correctamente en una cuenta....
    1257 ene. 29 08:32 SuccessA... Microsoft-Windows...         4798 Se enumeró la pertenencia a grupos locales de un usuario....
    1256 ene. 29 08:32 SuccessA... Microsoft-Windows...         4798 Se enumeró la pertenencia a grupos locales de un usuario....
    1255 ene. 29 08:32 SuccessA... Microsoft-Windows...         4798 Se enumeró la pertenencia a grupos locales de un usuario....
    1254 ene. 29 08:31 SuccessA... Microsoft-Windows...         4798 Se enumeró la pertenencia a grupos locales de un usuario....
    1253 ene. 29 08:30 SuccessA... Microsoft-Windows...         4798 Se enumeró la pertenencia a grupos locales de un usuario....
    1252 ene. 29 08:30 SuccessA... Microsoft-Windows...         4798 Se enumeró la pertenencia a grupos locales de un usuario....
    1251 ene. 29 08:29 SuccessA... Microsoft-Windows...         4798 Se enumeró la pertenencia a grupos locales de un usuario....
    1250 ene. 29 08:29 SuccessA... Microsoft-Windows...         4798 Se enumeró la pertenencia a grupos locales de un usuario....
    1249 ene. 29 08:28 SuccessA... Microsoft-Windows...         4798 Se enumeró la pertenencia a grupos locales de un usuario....
    1248 ene. 29 08:26 SuccessA... Microsoft-Windows...         4798 Se enumeró la pertenencia a grupos locales de un usuario....
    1247 ene. 29 08:25 SuccessA... Microsoft-Windows...         4798 Se enumeró la pertenencia a grupos locales de un usuario....
    1246 ene. 29 08:24 SuccessA... Microsoft-Windows...         4672 Se asignaron privilegios especiales a un nuevo inicio de se...
    1245 ene. 29 08:24 SuccessA... Microsoft-Windows...         4624 Se inició sesión correctamente en una cuenta....
    1244 ene. 29 08:24 SuccessA... Microsoft-Windows...         4672 Se asignaron privilegios especiales a un nuevo inicio de se...
    1243 ene. 29 08:24 SuccessA... Microsoft-Windows...         4624 Se inició sesión correctamente en una cuenta....
    1242 ene. 29 08:23 SuccessA... Microsoft-Windows...         4798 Se enumeró la pertenencia a grupos locales de un usuario....
    1241 ene. 29 08:22 SuccessA... Microsoft-Windows...         4798 Se enumeró la pertenencia a grupos locales de un usuario....
    1240 ene. 29 08:22 SuccessA... Microsoft-Windows...         4798 Se enumeró la pertenencia a grupos locales de un usuario....
    1239 ene. 29 08:18 SuccessA... Microsoft-Windows...         4798 Se enumeró la pertenencia a grupos locales de un usuario....
    1238 ene. 29 08:18 SuccessA... Microsoft-Windows...         4798 Se enumeró la pertenencia a grupos locales de un usuario....
    1237 ene. 29 08:17 SuccessA... Microsoft-Windows...         4798 Se enumeró la pertenencia a grupos locales de un usuario....
    1236 ene. 29 08:17 SuccessA... Microsoft-Windows...         4798 Se enumeró la pertenencia a grupos locales de un usuario....
    1235 ene. 29 08:16 SuccessA... Microsoft-Windows...         4798 Se enumeró la pertenencia a grupos locales de un usuario....
    1234 ene. 29 08:15 SuccessA... Microsoft-Windows...         4798 Se enumeró la pertenencia a grupos locales de un usuario....
    1233 ene. 29 08:15 SuccessA... Microsoft-Windows...         4672 Se asignaron privilegios especiales a un nuevo inicio de se...
    1232 ene. 29 08:15 SuccessA... Microsoft-Windows...         4624 Se inició sesión correctamente en una cuenta....
    1231 ene. 29 08:15 SuccessA... Microsoft-Windows...         4798 Se enumeró la pertenencia a grupos locales de un usuario....
    1230 ene. 29 08:14 SuccessA... Microsoft-Windows...         4798 Se enumeró la pertenencia a grupos locales de un usuario....
    1229 ene. 29 08:14 SuccessA... Microsoft-Windows...         4798 Se enumeró la pertenencia a grupos locales de un usuario....
    1228 ene. 29 08:13 SuccessA... Microsoft-Windows...         4798 Se enumeró la pertenencia a grupos locales de un usuario....
    1227 ene. 29 08:12 SuccessA... Microsoft-Windows...         4672 Se asignaron privilegios especiales a un nuevo inicio de se...
    1226 ene. 29 08:12 SuccessA... Microsoft-Windows...         4624 Se inició sesión correctamente en una cuenta....
    1225 ene. 29 08:12 SuccessA... Microsoft-Windows...         4798 Se enumeró la pertenencia a grupos locales de un usuario....
    1224 ene. 29 08:10 SuccessA... Microsoft-Windows...         4798 Se enumeró la pertenencia a grupos locales de un usuario....
    1223 ene. 29 08:10 SuccessA... Microsoft-Windows...         4672 Se asignaron privilegios especiales a un nuevo inicio de se...
    1222 ene. 29 08:10 SuccessA... Microsoft-Windows...         4624 Se inició sesión correctamente en una cuenta....
    1221 ene. 29 08:10 SuccessA... Microsoft-Windows...         4672 Se asignaron privilegios especiales a un nuevo inicio de se...
    1220 ene. 29 08:10 SuccessA... Microsoft-Windows...         4624 Se inició sesión correctamente en una cuenta....
    1219 ene. 29 08:09 SuccessA... Microsoft-Windows...         4798 Se enumeró la pertenencia a grupos locales de un usuario....
    1218 ene. 29 08:08 SuccessA... Microsoft-Windows...         4672 Se asignaron privilegios especiales a un nuevo inicio de se...
    1217 ene. 29 08:08 SuccessA... Microsoft-Windows...         4624 Se inició sesión correctamente en una cuenta....
    1216 ene. 29 08:08 SuccessA... Microsoft-Windows...         4799 Se enumeró la pertenencia a grupos locales con seguridad ha...
    1215 ene. 29 08:08 SuccessA... Microsoft-Windows...         4799 Se enumeró la pertenencia a grupos locales con seguridad ha...
    1214 ene. 29 08:08 SuccessA... Microsoft-Windows...         4799 Se enumeró la pertenencia a grupos locales con seguridad ha...
    1213 ene. 29 08:08 SuccessA... Microsoft-Windows...         4799 Se enumeró la pertenencia a grupos locales con seguridad ha...
    1212 ene. 29 08:08 SuccessA... Microsoft-Windows...         4799 Se enumeró la pertenencia a grupos locales con seguridad ha...
    1211 ene. 29 08:08 SuccessA... Microsoft-Windows...         4799 Se enumeró la pertenencia a grupos locales con seguridad ha...
    1210 ene. 29 08:08 SuccessA... Microsoft-Windows...         4799 Se enumeró la pertenencia a grupos locales con seguridad ha...
    1209 ene. 29 08:08 SuccessA... Microsoft-Windows...         4799 Se enumeró la pertenencia a grupos locales con seguridad ha...


PS C:\Windows\system32> help service

Name                              Category  Module                    Synopsis
----                              --------  ------                    --------
Get-Service                       Cmdlet    Microsoft.PowerShell.M... Gets the services on a local or remote computer.
New-Service                       Cmdlet    Microsoft.PowerShell.M... Creates a new Windows service.
New-WebServiceProxy               Cmdlet    Microsoft.PowerShell.M... Creates a Web service proxy object that lets you use and m...
Restart-Service                   Cmdlet    Microsoft.PowerShell.M... Stops and then starts one or more services.
Resume-Service                    Cmdlet    Microsoft.PowerShell.M... Resumes one or more suspended (paused) services.
Set-Service                       Cmdlet    Microsoft.PowerShell.M... Starts, stops, and suspends a service, and changes its pro...
Start-Service                     Cmdlet    Microsoft.PowerShell.M... Starts one or more stopped services.
Stop-Service                      Cmdlet    Microsoft.PowerShell.M... Stops one or more running services.
Suspend-Service                   Cmdlet    Microsoft.PowerShell.M... Suspends (pauses) one or more running services.
Get-NetFirewallServiceFilter      Function  NetSecurity               ...
Set-NetFirewallServiceFilter      Function  NetSecurity               ...


PS C:\Windows\system32> Get-Service

Status   Name               DisplayName
------   ----               -----------
Stopped  AJRouter           Servicio de enrutador de AllJoyn
Stopped  ALG                Servicio de puerta de enlace de niv...
Stopped  AppIDSvc           Identidad de aplicación
Running  Appinfo            Información de la aplicación
Stopped  AppMgmt            Administración de aplicaciones
Stopped  AppReadiness       Preparación de aplicaciones
Stopped  AppVClient         Microsoft App-V Client
Stopped  AppXSvc            Servicio de implementación de AppX ...
Stopped  AssignedAccessM... Servicio AssignedAccessManager
Running  AudioEndpointBu... Compilador de extremo de audio de W...
Running  Audiosrv           Audio de Windows
Stopped  AxInstSV           Instalador de ActiveX (AxInstSV)
Stopped  BcastDVRUserSer... Servicio de usuario de difusión y G...
Stopped  BDESVC             Servicio Cifrado de unidad BitLocker
Running  BFE                Motor de filtrado de base
Stopped  BITS               Servicio de transferencia inteligen...
Stopped  BluetoothUserSe... Servicio de soporte técnico de usua...
Running  BrokerInfrastru... Servicio de infraestructura de tare...
Stopped  BTAGService        Servicio de puerta de enlace de aud...
Running  BthAvctpSvc        Servicio AVCTP
Stopped  bthserv            Servicio de compatibilidad con Blue...
Stopped  camsvc             Servicio Administrador de funcional...
Stopped  CaptureService_... CaptureService_40459
Running  cbdhsvc_40459      Servicio de usuario del portapapele...
Running  CDPSvc             Servicio de plataforma de dispositi...
Running  CDPUserSvc_40459   Servicio de usuario de plataforma d...
Stopped  CertPropSvc        Propagación de certificados
Running  ClipSVC            Servicio de licencia de cliente (Cl...
Running  COMSysApp          Aplicación del sistema COM+
Stopped  ConsentUxUserSv... ConsentUX_40459
Running  CoreMessagingRe... CoreMessaging
Running  CryptSvc           Servicios de cifrado
Stopped  CscService         Archivos sin conexión
Running  DcomLaunch         Iniciador de procesos de servidor DCOM
Stopped  defragsvc          Optimizar unidades
Running  DeviceAssociati... Servicio de asociación de dispositivos
Stopped  DeviceInstall      Servicio de instalación de disposit...
Stopped  DevicePickerUse... DevicePicker_40459
Stopped  DevicesFlowUser... DevicesFlow_40459
Stopped  DevQueryBroker     Agente de detección en segundo plan...
Running  Dhcp               Cliente DHCP
Stopped  diagnosticshub.... Servicio Recopilador estándar del c...
Stopped  diagsvc            Diagnostic Execution Service
Running  DiagTrack          Telemetría y experiencias del usuar...
Stopped  DisplayEnhancem... Servicio de mejora de visualización
Stopped  DmEnrollmentSvc    Servicio de inscripción de administ...
Stopped  dmwappushservice   Servicio de enrutamiento de mensaje...
Running  Dnscache           Cliente DNS
Running  DoSvc              Optimización de entrega
Stopped  dot3svc            Configuración automática de redes c...
Running  DPS                Servicio de directivas de diagnóstico
Stopped  DsmSvc             Administrador de configuración de d...
Running  DsSvc              Servicio de uso compartido de datos
Running  DusmSvc            Uso de datos
Stopped  Eaphost            Protocolo de autenticación extensible
Running  EFS                Sistema de cifrado de archivos (EFS)
Stopped  embeddedmode       Modo incrustado
Stopped  EntAppSvc          Servicio de administración de aplic...
Running  EventLog           Registro de eventos de Windows
Running  EventSystem        Sistema de eventos COM+
Stopped  Fax                Fax
Running  fdPHost            Host de proveedor de detección de f...
Running  FDResPub           Publicación de recurso de detección...
Stopped  fhsvc              Servicio de historial de archivos
Running  FontCache          Servicio de caché de fuentes de Win...
Stopped  FrameServer        Servicio FrameServer de la Cámara d...
Stopped  GoogleChromeEle... Google Chrome Elevation Service
Stopped  gpsvc              Cliente de directiva de grupo
Stopped  GraphicsPerfSvc    GraphicsPerfSvc
Stopped  gupdate            Google Update Servicio (gupdate)
Stopped  gupdatem           Google Update Servicio (gupdatem)
Stopped  hidserv            Servicio de dispositivo de interfaz...
Stopped  icssvc             Servicio de zona con cobertura inal...
Stopped  IKEEXT             Módulos de creación de claves de IP...
Stopped  InstallService     Servicio de instalación de Microsof...
Running  iphlpsvc           Aplicación auxiliar IP
Stopped  IpxlatCfgSvc       Servicio de configuración de trasla...
Stopped  irmon              Servicio de monitor de infrarrojos
Running  KeyIso             Aislamiento de claves CNG
Stopped  KtmRm              KTMRM para DTC (Coordinador de tran...
Running  LanmanServer       Servidor
Running  LanmanWorkstation  Estación de trabajo
Stopped  lfsvc              Servicio de geolocalización
Running  LicenseManager     Servicio de administrador de licenc...
Stopped  lltdsvc            Asignador de detección de topología...
Running  lmhosts            Aplicación auxiliar de NetBIOS sobr...
Running  LSM                Administrador de sesión local
Stopped  LxpSvc             Servicio de experiencia de idioma
Stopped  MapsBroker         Administrador de mapas descargados
Stopped  MessagingServic... MessagingService_40459
Running  mpssvc             Firewall de Windows Defender
Running  MSDTC              Coordinador de transacciones distri...
Stopped  MSiSCSI            Servicio del iniciador iSCSI de Mic...
Stopped  msiserver          Windows Installer
Stopped  NaturalAuthenti... Autenticación natural
Stopped  NcaSvc             Asistente para la conectividad de red
Running  NcbService         Agente de conexión de red
Running  NcdAutoSetup       Configuración automática de disposi...
Stopped  Netlogon           Net Logon
Stopped  Netman             Conexiones de red
Running  netprofm           Servicio de lista de redes
Stopped  NetSetupSvc        Servicio de configuración de red
Stopped  NetTcpPortSharing  Servicio de uso compartido de puert...
Stopped  NgcCtnrSvc         Contenedor de Microsoft Passport
Stopped  NgcSvc             Microsoft Passport
Running  NlaSvc             Reconoc. ubicación de red
Running  nsi                Servicio Interfaz de almacenamiento...
Running  OneSyncSvc_40459   Sincronizar host_40459
Stopped  p2pimsvc           Administrador de identidad de redes...
Stopped  p2psvc             Agrupación de red del mismo nivel
Running  PcaSvc             Servicio Asistente para la compatib...
Stopped  PeerDistSvc        BranchCache
Stopped  perceptionsimul... Servicio de simulación de percepció...
Running  PhoneSvc           Servicio telefónico
Running  PimIndexMainten... Datos de contactos_40459
Stopped  pla                Registros y alertas de rendimiento
Running  PlugPlay           Plug and Play
Stopped  PNRPAutoReg        Servicio de publicación de nombres ...
Stopped  PNRPsvc            Protocolo de resolución de nombres ...
Stopped  PolicyAgent        Agente de directiva IPsec
Running  Power              Energía
Stopped  PrintNotify        Extensiones y notificaciones de imp...
Running  PrintWorkflowUs... PrintWorkflow_40459
Running  ProfSvc            Servicio de perfil de usuario
Stopped  PushToInstall      Servicio PushToInstall de Windows
Stopped  QWAVE              Experiencia de calidad de audio y v...
Stopped  RasAuto            Administrador de conexiones automát...
Stopped  RasMan             Administrador de conexiones de acce...
Stopped  RemoteAccess       Enrutamiento y acceso remoto
Stopped  RemoteRegistry     Registro remoto
Stopped  RetailDemo         Servicio de prueba comercial
Stopped  RmSvc              Servicio de administración de radio
Running  RpcEptMapper       Asignador de extremos de RPC
Stopped  RpcLocator         Ubicador de llamada a procedimiento...
Running  RpcSs              Llamada a procedimiento remoto (RPC)
Running  SamSs              Administrador de cuentas de seguridad
Stopped  SCardSvr           Tarjeta inteligente
Stopped  ScDeviceEnum       Servicio de enumeración de disposit...
Running  Schedule           Programador de tareas
Stopped  SCPolicySvc        Directiva de extracción de tarjetas...
Stopped  SDRSVC             Copias de seguridad de Windows
Stopped  seclogon           Inicio de sesión secundario
Running  SecurityHealthS... Servicio Seguridad de Windows
Running  SEMgrSvc           Administrador de pagos y NFC/SE
Running  SENS               Servicio de notificación de eventos...
Stopped  Sense              Servicio de Protección contra amena...
Stopped  SensorDataService  Servicio de datos del sensor
Stopped  SensorService      Servicio de sensores
Stopped  SensrSvc           Servicio de supervisión de sensores
Stopped  SessionEnv         Configuración de Escritorio remoto
Stopped  SharedAccess       Conexión compartida a Internet (ICS)
Stopped  SharedRealitySvc   Servicio de datos espacial
Running  ShellHWDetection   Detección de hardware shell
Stopped  shpamsvc           Shared PC Account Manager
Stopped  smphost            SMP de Espacios de almacenamiento d...
Running  SmsRouter          Servicio enrutador de SMS de Micros...
Stopped  SNMPTRAP           Captura de SNMP
Stopped  spectrum           Servicio de percepción de Windows
Running  Spooler            Cola de impresión
Stopped  sppsvc             Protección de software
Running  SSDPSRV            Detección SSDP
Stopped  ssh-agent          OpenSSH Authentication Agent
Stopped  SstpSvc            Servicio de protocolo de túnel de s...
Running  StateRepository    Servicio de repositorio de estado
Stopped  StiSvc             Adquisición de imágenes de Windows ...
Running  StorSvc            Servicio de almacenamiento
Stopped  svsvc              Comprobador puntual
Stopped  swprv              Proveedor de instantáneas de softwa...
Running  SysMain            SysMain
Running  SystemEventsBroker Agente de eventos del sistema
Running  TabletInputService Servicio de Panel de escritura a ma...
Stopped  tapisrv            Telefonía
Stopped  TermService        Servicios de Escritorio remoto
Running  Themes             Temas
Stopped  TieringEngineSe... Administración de capas de almacena...
Running  TimeBrokerSvc      Agente de eventos de tiempo
Running  TokenBroker        Administrador de cuentas web
Running  TrkWks             Cliente de seguimiento de vínculos ...
Stopped  TrustedInstaller   Instalador de módulos de Windows
Stopped  tzautoupdate       Actualizador de zona horaria automá...
Stopped  UevAgentService    Servicio de virtualización de la ex...
Stopped  UmRdpService       Redirector de puerto en modo usuari...
Running  UnistoreSvc_40459  Almacenamiento de datos de usuarios...
Stopped  upnphost           Dispositivo host de UPnP
Running  UserDataSvc_40459  Acceso a datos de usuarios_40459
Running  UserManager        Administrador de usuarios
Running  UsoSvc             Update Orchestrator Service
Stopped  VacSvc             Servicio Volumetric Audio Compositor
Running  VaultSvc           Administrador de credenciales
Stopped  vds                Disco virtual
Running  VGAuthService      VMware Alias Manager and Ticket Ser...
Stopped  vmicguestinterface Interfaz de servicio invitado de Hy...
Stopped  vmicheartbeat      Servicio de latido de Hyper-V
Stopped  vmickvpexchange    Servicio de intercambio de datos de...
Stopped  vmicrdv            Servicio de virtualización de Escri...
Stopped  vmicshutdown       Servicio de cierre de invitado de H...
Stopped  vmictimesync       Servicio de sincronización de hora ...
Stopped  vmicvmsession      Servicio PowerShell Direct de Hyper-V
Stopped  vmicvss            Solicitante de instantáneas de volu...
Running  VMTools            VMware Tools
Stopped  vmvss              VMware Snapshot Provider
Running  VMware Physical... Servicio auxiliar de disco físico d...
Stopped  VSS                Instantáneas de volumen
Stopped  W32Time            Hora de Windows
Running  WaaSMedicSvc       Windows Update Medic Service
Stopped  WalletService      WalletService
Stopped  WarpJITSvc         WarpJITSvc
Stopped  wbengine           Servicio del módulo de copia de seg...
Stopped  WbioSrvc           Servicio biométrico de Windows
Running  Wcmsvc             Administrador de conexiones de Windows
Stopped  wcncsvc            Registrador de configuración de Win...
Running  WdiServiceHost     Host del servicio de diagnóstico
Stopped  WdiSystemHost      Host de sistema de diagnóstico
Running  WdNisSvc           Servicio de inspección de red de An...
Stopped  WebClient          Cliente web
Stopped  Wecsvc             Recopilador de eventos de Windows
Stopped  WEPHOSTSVC         Servicio host de proveedor de cifra...
Stopped  wercplsupport      Ayuda del Panel de control de Infor...
Stopped  WerSvc             Servicio Informe de errores de Windows
Stopped  WFDSConMgrSvc      Servicio de administrador de conexi...
Stopped  WiaRpc             Eventos de adquisición de imágenes ...
Running  WinDefend          Servicio de Antivirus de Windows De...
Running  WinHttpAutoProx... Servicio de detección automática de...
Running  winmgmt            Instrumental de administración de W...
Stopped  WinRM              Administración remota de Windows (W...
Stopped  wisvc              Servicio de Windows Insider
Stopped  Wlansvc            Configuración automática de WLAN
Stopped  wlidsvc            Ayudante para el inicio de sesión d...
Stopped  wlpasvc            Servicio de asistente para perfil l...
Stopped  WManSvc            Servicio de administración de Windows
Stopped  wmiApSrv           Adaptador de rendimiento de WMI
Stopped  WMPNetworkSvc      Servicio de uso compartido de red d...
Stopped  workfolderssvc     Carpetas de trabajo
Stopped  WpcMonSvc          Control parental
Stopped  WPDBusEnum         Servicio enumerador de dispositivos...
Running  WpnService         Servicio del sistema de notificacio...
Running  WpnUserService_... Servicio de usuario de notificacion...
Running  wscsvc             Centro de seguridad
Running  WSearch            Windows Search
Stopped  wuauserv           Windows Update
Stopped  WwanSvc            Configuración automática de WWAN
Stopped  XblAuthManager     Administración de autenticación de ...
Stopped  XblGameSave        Partida guardada en Xbox Live
Stopped  XboxGipSvc         Xbox Accessory Management Service
Stopped  XboxNetApiSvc      XboxNetApiSvc


PS C:\Windows\system32> Get-Process

Handles  NPM(K)    PM(K)      WS(K)     CPU(s)     Id  SI ProcessName
-------  ------    -----      -----     ------     --  -- -----------
    339      11     6396      21824       0,28   2544   1 ApplicationFrameHost
    363      16    43284      55268       4,89    632   1 chrome
    326      16    36884      69240      10,95   3080   1 chrome
    476      13    18612      19924       0,36   3096   1 chrome
   1258      33    59192     104652     102,28   3532   1 chrome
    148       6     1492       6584       0,05   4600   1 chrome
    328      16    33496      54108      10,78   5004   1 chrome
    194       6     1572       6124       0,03   5540   1 chrome
    300      15    50340      41636       9,91   6084   1 chrome
    370       7     1024       1388       0,63    636   0 csrss
    409      12     1212       2048       7,59    728   1 csrss
    442       9     4184       7820       2,50   2212   1 ctfmon
    344      10     2652       3852       0,14   2700   0 dasHost
    251       8     2752       4044       0,22   2792   0 dllhost
    240      10     3316       9280       0,30   5468   1 dllhost
    800      32    65868      71532      41,97   1152   1 dwm
   2572      57    58340      97484      24,44   1832   1 explorer
     49       7     7584      14020       1,75    972   1 fontdrvhost
     49       3     1080        772       0,02    980   0 fontdrvhost
      0       0       40          4                 0   0 Idle
   1225      15     5280      13400       9,48    864   0 lsass
      0       0      596      95204      16,09   1652   0 Memory Compression
    595      15    65676          8       0,42    820   1 Microsoft.Photos
    219       7     2504        932       0,08   2976   0 msdtc
    649      36   114056      52904      49,64   2100   0 MsMpEng
    203       6     3792       3544       0,58   2408   0 NisSrv
    847      58    63116      13516       3,67   5708   1 OneDrive
    993      42   236776     238328      66,73    276   1 powershell_ise
      0       4     1300      20076       0,66     68   0 Registry
    261       7     1928      10928       0,11    736   1 RuntimeBroker
    268       9     3456      17424       0,30   2848   1 RuntimeBroker
    348       9     3244      16944       0,83   4332   1 RuntimeBroker
    602      15     9428      21992       3,08   4552   1 RuntimeBroker
    279       8     2504      11996       1,88   4952   1 RuntimeBroker
    654      21    15512      13832       1,53   3828   0 SearchIndexer
   1579      50    83412      54996      13,48   4288   1 SearchUI
    402       9     3148       5592       0,34   5592   0 SecurityHealthService
    150       5     1252       1028       0,02   5560   1 SecurityHealthSystray
    351       6     2792       3636       2,53    852   0 services
    906      22    18772      42976       2,33   4188   1 ShellExperienceHost
    577      10     4804      16220       6,45   3888   1 sihost
   1102      44   125616          8      14,30   5780   1 SkypeApp
    143       4     1468         12       0,05   1736   1 SkypeBackgroundHost
    386      12     7332      18040       0,17   5116   1 smartscreen
     53       2      336        324       0,11    512   0 smss
    485      15     5376      10088       0,30   1896   0 spoolsv
    172       5     3452       9572      41,61    640   0 svchost
    710      12    11184      17500       2,59    848   0 svchost
    927      13     6580      12828       8,28    956   0 svchost
    950      11     4444       9236      11,92   1056   0 svchost
    657      18    36016      34496      27,03   1236   0 svchost
    732      16    17584      15384       6,67   1272   0 svchost
    227       7     1868       3096       0,00   1396   0 svchost
    474      11    12584      12828       1,89   1436   0 svchost
   1751      36   159960      45696     150,25   1480   0 svchost
   1296      31    10756      17640       4,52   1496   0 svchost
    846     214    17300      17500       2,09   1608   0 svchost
    324       7     2104       7308       0,98   1712   0 svchost
    130       6     1132       2324       0,06   1752   0 svchost
    330       8     1660       3172       0,33   1760   0 svchost
    397      25     7496       7984       2,55   1944   0 svchost
    341      13     2680       5356       0,20   2424   0 svchost
    139       5     1160       6272       0,02   2540   1 svchost
    836      21     8900      22136       2,63   3936   1 svchost
    300       8     2784      10916       0,30   4048   1 svchost
    351      11     5272       9512      43,86   4616   0 svchost
    122       4     1596       6068       0,02   5324   0 svchost
    137       5     1256       6208       0,00   5372   0 svchost
    212       6     1672       3180       0,16   5676   0 svchost
   2461       0       64          8     148,28      4   0 System
    392      13     6956       6480       2,63   1420   1 taskhostw
    320      18     5372      10020       0,44   3960   1 taskhostw
    172       6     2116        736       0,02   2136   0 VGAuthService
    122       4     1156       1076       0,02   1372   0 vmacthlp
    289      11     3904       5352       4,83   2124   0 vmtoolsd
    356      11     6428       7112      19,81   5660   1 vmtoolsd
    834      17    11476      27364       0,25   4676   1 WindowsInternal.ComposableShell.Experiences.TextInput.InputApp
    166       6      976        880       0,06    744   0 wininit
    266       7     1928       2572       0,14    784   1 winlogon
    343       9    10364      10388      23,09   3432   0 WmiPrvSE
    362      38    15876      43832      10,39   3224   1 wordpad
    842      26    21536      23844       0,56   5024   1 WWAHost


PS C:\Windows\system32> Get-Service -ComputerName "hola"
>> ErrorTerminación(Get-Service): "No se puede abrir el Administrador de control de servicios en el equipo 'hola'. Puede que se requieran otros privilegios para realizar la operación."
Get-Service : No se puede abrir el Administrador de control de servicios en el equipo 'hola'. Puede que se requieran 
otros privilegios para realizar la operación.
En línea: 1 Carácter: 1
+ Get-Service -ComputerName "hola"
+ ~~~~~~~~~~~~~~~~~~~~~~~~~~~~~~~~
    + CategoryInfo          : NotSpecified: (:) [Get-Service], InvalidOperationException
    + FullyQualifiedErrorId : System.InvalidOperationException,Microsoft.PowerShell.Commands.GetServiceCommand
Get-Service : No se puede abrir el Administrador de control de servicios en el equipo 'hola'. Puede que se requieran otros
privilegios para realizar la operación.
En línea: 1 Carácter: 1
+ Get-Service -ComputerName "hola"
+ ~~~~~~~~~~~~~~~~~~~~~~~~~~~~~~~~
    + CategoryInfo          : NotSpecified: (:) [Get-Service], InvalidOperationException
    + FullyQualifiedErrorId : System.InvalidOperationException,Microsoft.PowerShell.Commands.GetServiceCommand

PS C:\Windows\system32> Out-File -Width 2000
>> ErrorTerminación(Out-File): "No se puede enlazar el argumento con el parámetro 'FilePath' porque es una cadena vacía."
Out-File : No se puede enlazar el argumento con el parámetro 'FilePath' porque es una cadena vacía.
En línea: 1 Carácter: 1
+ Out-File -Width 2000
+ ~~~~~~~~~~~~~~~~~~~~
    + CategoryInfo          : InvalidData: (:) [Out-File], ParameterBindingValidationException
    + FullyQualifiedErrorId : 
ParameterArgumentValidationErrorEmptyStringNotAllowed,Microsoft.PowerShell.Commands.OutFileCommand
Out-File : No se puede enlazar el argumento con el parámetro 'FilePath' porque es una cadena vacía.
En línea: 1 Carácter: 1
+ Out-File -Width 2000
+ ~~~~~~~~~~~~~~~~~~~~
    + CategoryInfo          : InvalidData: (:) [Out-File], ParameterBindingValidationException
    + FullyQualifiedErrorId : ParameterArgumentValidationErrorEmptyStringNotAllowed,Microsoft.PowerShell.Commands.OutFileCommand

PS C:\Windows\system32> Get-Process | Out-File procesos.txt
PS C:\Windows\system32> Get-Service | Out-File procesos.txt -NoClobber
>> ErrorTerminación(Out-File): "El archivo 'C:\Windows\system32\procesos.txt' ya existe."
Out-File : El archivo 'C:\Windows\system32\procesos.txt' ya existe.
En línea: 1 Carácter: 15
+ Get-Service | Out-File procesos.txt -NoClobber
+               ~~~~~~~~~~~~~~~~~~~~~~~~~~~~~~~~
    + CategoryInfo          : ResourceExists: (C:\Windows\system32\procesos.txt:String) [Out-File], IOException
    + FullyQualifiedErrorId : NoClobber,Microsoft.PowerShell.Commands.OutFileCommand
Out-File : El archivo 'C:\Windows\system32\procesos.txt' ya existe.
En línea: 1 Carácter: 15
+ Get-Service | Out-File procesos.txt -NoClobber
+               ~~~~~~~~~~~~~~~~~~~~~~~~~~~~~~~~
    + CategoryInfo          : ResourceExists: (C:\Windows\system32\procesos.txt:String) [Out-File], IOException
    + FullyQualifiedErrorId : NoClobber,Microsoft.PowerShell.Commands.OutFileCommand

PS C:\Windows\system32> Stop-Transcript
**********************
Fin de la transcripción de Windows PowerShell
Hora de finalización: 20200129104617
**********************
